<?php return array (
  0 => 'Symfony\\Bundle\\FrameworkBundle\\Controller\\AbstractController',
  1 => 'App\\Controller\\ApiController',
  2 => 'App\\Controller\\HomeController',
  3 => 'App\\Controller\\Paie\\BulletinController',
  4 => 'App\\Controller\\Paie\\HonoraireController',
  5 => 'App\\Controller\\Salarie\\GestionSalarieController',
  6 => 'App\\Controller\\Security\\RegistrationController',
  7 => 'App\\Controller\\Security\\SecurityController',
  8 => 'App\\Entity\\Diplome',
  9 => 'App\\Entity\\Groupe',
  10 => 'App\\Entity\\LContract',
  11 => 'App\\Entity\\LElementEcheance',
  12 => 'App\\Entity\\LbaremeContract',
  13 => 'App\\Entity\\LcontractFonction',
  14 => 'App\\Entity\\LdossierContract',
  15 => 'App\\Entity\\LelementFixe',
  16 => 'App\\Entity\\LmatriculationCoti',
  17 => 'App\\Entity\\Lrib',
  18 => 'App\\Entity\\PArretTravail',
  19 => 'App\\Entity\\PArretTravailLg',
  20 => 'App\\Entity\\PBaremeCimr',
  21 => 'App\\Entity\\PDevise',
  22 => 'App\\Entity\\PDossier',
  23 => 'App\\Entity\\PMotif',
  24 => 'App\\Entity\\PNaturesalarieCab',
  25 => 'App\\Entity\\PNaturesalarieDet',
  26 => 'App\\Entity\\PPaiement',
  27 => 'App\\Entity\\PPrelevement',
  28 => 'App\\Entity\\PPrelevementLg',
  29 => 'App\\Entity\\Pbareme',
  30 => 'App\\Entity\\PbaremeBrute',
  31 => 'App\\Entity\\PdureeContract',
  32 => 'App\\Entity\\Pemploye',
  33 => 'App\\Entity\\Periode',
  34 => 'App\\Entity\\Pfonction',
  35 => 'App\\Entity\\PnatureContract',
  36 => 'App\\Entity\\Probleme',
  37 => 'App\\Entity\\Prubrique',
  38 => 'App\\Entity\\PsituationFamiliale',
  39 => 'App\\Entity\\PtypeCoti',
  40 => 'App\\Entity\\Tbulletin',
  41 => 'App\\Entity\\TbulletinLg',
  42 => 'App\\Entity\\Tcontractgenerated',
  43 => 'App\\Entity\\UsModule',
  44 => 'App\\Entity\\UsOperation',
  45 => 'App\\Entity\\UsSousModule',
  46 => 'App\\Entity\\Users',
  47 => 'App\\Entity\\VMatrix',
  48 => 'Doctrine\\Bundle\\DoctrineBundle\\Controller\\ProfilerController',
  49 => 'Doctrine\\ORM\\Cache\\Persister\\Entity\\AbstractEntityPersister',
  50 => 'Doctrine\\ORM\\Cache\\Persister\\Entity\\CachedEntityPersister',
  51 => 'Doctrine\\ORM\\Cache\\Persister\\Entity\\NonStrictReadWriteCachedEntityPersister',
  52 => 'Doctrine\\ORM\\Cache\\Persister\\Entity\\ReadOnlyCachedEntityPersister',
  53 => 'Doctrine\\ORM\\Cache\\Persister\\Entity\\ReadWriteCachedEntityPersister',
  54 => 'Doctrine\\ORM\\Persisters\\Entity\\AbstractEntityInheritancePersister',
  55 => 'Doctrine\\ORM\\Persisters\\Entity\\BasicEntityPersister',
  56 => 'Doctrine\\ORM\\Persisters\\Entity\\CachedPersisterContext',
  57 => 'Doctrine\\ORM\\Persisters\\Entity\\EntityPersister',
  58 => 'Doctrine\\ORM\\Persisters\\Entity\\JoinedSubclassPersister',
  59 => 'Doctrine\\ORM\\Persisters\\Entity\\SingleTablePersister',
  60 => 'FOS\\JsRoutingBundle\\Controller\\Controller',
  62 => 'Symfony\\Bundle\\FrameworkBundle\\Controller\\ControllerResolver',
  63 => 'Symfony\\Bundle\\FrameworkBundle\\Controller\\RedirectController',
  64 => 'Symfony\\Bundle\\FrameworkBundle\\Controller\\TemplateController',
  65 => 'Symfony\\Bundle\\WebProfilerBundle\\Controller\\ExceptionPanelController',
  66 => 'Symfony\\Bundle\\WebProfilerBundle\\Controller\\ProfilerController',
  67 => 'Symfony\\Bundle\\WebProfilerBundle\\Controller\\RouterController',
  68 => 'Symfony\\Component\\HttpKernel\\Controller\\ArgumentResolver',
  69 => 'Symfony\\Component\\HttpKernel\\Controller\\ArgumentResolverInterface',
  70 => 'Symfony\\Component\\HttpKernel\\Controller\\ArgumentResolver\\DefaultValueResolver',
  71 => 'Symfony\\Component\\HttpKernel\\Controller\\ArgumentResolver\\NotTaggedControllerValueResolver',
  72 => 'Symfony\\Component\\HttpKernel\\Controller\\ArgumentResolver\\RequestAttributeValueResolver',
  73 => 'Symfony\\Component\\HttpKernel\\Controller\\ArgumentResolver\\RequestValueResolver',
  74 => 'Symfony\\Component\\HttpKernel\\Controller\\ArgumentResolver\\ServiceValueResolver',
  75 => 'Symfony\\Component\\HttpKernel\\Controller\\ArgumentResolver\\SessionValueResolver',
  76 => 'Symfony\\Component\\HttpKernel\\Controller\\ArgumentResolver\\TraceableValueResolver',
  77 => 'Symfony\\Component\\HttpKernel\\Controller\\ArgumentResolver\\VariadicValueResolver',
  78 => 'Symfony\\Component\\HttpKernel\\Controller\\ArgumentValueResolverInterface',
  79 => 'Symfony\\Component\\HttpKernel\\Controller\\ContainerControllerResolver',
  80 => 'Symfony\\Component\\HttpKernel\\Controller\\ControllerReference',
  81 => 'Symfony\\Component\\HttpKernel\\Controller\\ControllerResolver',
  82 => 'Symfony\\Component\\HttpKernel\\Controller\\ControllerResolverInterface',
  83 => 'Symfony\\Component\\HttpKernel\\Controller\\ErrorController',
  84 => 'Symfony\\Component\\HttpKernel\\Controller\\TraceableArgumentResolver',
  85 => 'Symfony\\Component\\HttpKernel\\Controller\\TraceableControllerResolver',
  86 => 'Symfony\\Component\\Security\\Http\\Controller\\UserValueResolver',
);