<?php return array (
  0 => 'Symfony\\Bundle\\FrameworkBundle\\Controller\\AbstractController',
  1 => 'App\\Controller\\ApiController',
  2 => 'App\\Controller\\HomeController',
  3 => 'App\\Controller\\Mouvement\\ArretController',
  4 => 'App\\Controller\\Mouvement\\EcheanceController',
  5 => 'App\\Controller\\Mouvement\\ElementfixeController',
  6 => 'App\\Controller\\Mouvement\\PretsController',
  7 => 'App\\Controller\\Paie\\BulletinController',
  8 => 'App\\Controller\\Paie\\HonoraireController',
  9 => 'App\\Controller\\Paie\\IndeminiteController',
  10 => 'App\\Controller\\Parametre\\UserController',
  11 => 'App\\Controller\\Reporting\\CnssController',
  12 => 'App\\Controller\\Salarie\\GestionSalarieController',
  13 => 'App\\Controller\\Salarie\\SalarienoactiverController',
  14 => 'App\\Controller\\Security\\RegistrationController',
  15 => 'App\\Controller\\Security\\SecurityController',
  16 => 'App\\Controller\\Tresorerie\\BordereauController',
  17 => 'App\\Entity\\Cab',
  18 => 'App\\Entity\\Det',
  19 => 'App\\Entity\\Diplome',
  20 => 'App\\Entity\\Groupe',
  21 => 'App\\Entity\\JournalBulletinLg',
  22 => 'App\\Entity\\JournalPaieDossier',
  23 => 'App\\Entity\\LContract',
  24 => 'App\\Entity\\LElementEcheance',
  25 => 'App\\Entity\\LbaremeContract',
  26 => 'App\\Entity\\LcontractFonction',
  27 => 'App\\Entity\\LdossierContract',
  28 => 'App\\Entity\\LelementFixe',
  29 => 'App\\Entity\\LmatriculationCoti',
  30 => 'App\\Entity\\Lrib',
  31 => 'App\\Entity\\NaturePiece',
  32 => 'App\\Entity\\PArretTravail',
  33 => 'App\\Entity\\PArretTravailLg',
  34 => 'App\\Entity\\PBaremeCimr',
  35 => 'App\\Entity\\PBordereau',
  36 => 'App\\Entity\\PCompteComptable',
  37 => 'App\\Entity\\PCounter',
  38 => 'App\\Entity\\PDevise',
  39 => 'App\\Entity\\PDossier',
  40 => 'App\\Entity\\PMotif',
  41 => 'App\\Entity\\PNaturesalarieCab',
  42 => 'App\\Entity\\PNaturesalarieDet',
  43 => 'App\\Entity\\PPaiement',
  44 => 'App\\Entity\\PPiece',
  45 => 'App\\Entity\\PPrelevement',
  46 => 'App\\Entity\\PPrelevementLg',
  47 => 'App\\Entity\\PStatut',
  48 => 'App\\Entity\\Pbareme',
  49 => 'App\\Entity\\PbaremeBrute',
  50 => 'App\\Entity\\PdureeContract',
  51 => 'App\\Entity\\Pemploye',
  52 => 'App\\Entity\\Periode',
  53 => 'App\\Entity\\Pfonction',
  54 => 'App\\Entity\\PnatureContract',
  55 => 'App\\Entity\\Probleme',
  56 => 'App\\Entity\\Prubrique',
  57 => 'App\\Entity\\PsituationFamiliale',
  58 => 'App\\Entity\\PtypeContract',
  59 => 'App\\Entity\\PtypeCoti',
  60 => 'App\\Entity\\TCnssA00',
  61 => 'App\\Entity\\TCnssA01',
  62 => 'App\\Entity\\TCnssA02',
  63 => 'App\\Entity\\TCnssA03',
  64 => 'App\\Entity\\TCnssB00',
  65 => 'App\\Entity\\TCnssB01',
  66 => 'App\\Entity\\TCnssB02',
  67 => 'App\\Entity\\TCnssB03',
  68 => 'App\\Entity\\TCnssB04',
  69 => 'App\\Entity\\TCnssB05',
  70 => 'App\\Entity\\TCnssB06',
  71 => 'App\\Entity\\Tbulletin',
  72 => 'App\\Entity\\TbulletinLg',
  73 => 'App\\Entity\\Tcontractgenerated',
  74 => 'App\\Entity\\Type',
  75 => 'App\\Entity\\UaTechniqueDet',
  76 => 'App\\Entity\\UsModule',
  77 => 'App\\Entity\\UsOperation',
  78 => 'App\\Entity\\UsSousModule',
  79 => 'App\\Entity\\UserOperationDossier',
  80 => 'App\\Entity\\Users',
  81 => 'App\\Entity\\VMatrix',
  82 => 'Doctrine\\Bundle\\DoctrineBundle\\Controller\\ProfilerController',
  83 => 'Doctrine\\ORM\\Cache\\Persister\\Entity\\AbstractEntityPersister',
  84 => 'Doctrine\\ORM\\Cache\\Persister\\Entity\\CachedEntityPersister',
  85 => 'Doctrine\\ORM\\Cache\\Persister\\Entity\\NonStrictReadWriteCachedEntityPersister',
  86 => 'Doctrine\\ORM\\Cache\\Persister\\Entity\\ReadOnlyCachedEntityPersister',
  87 => 'Doctrine\\ORM\\Cache\\Persister\\Entity\\ReadWriteCachedEntityPersister',
  88 => 'Doctrine\\ORM\\Persisters\\Entity\\AbstractEntityInheritancePersister',
  89 => 'Doctrine\\ORM\\Persisters\\Entity\\BasicEntityPersister',
  90 => 'Doctrine\\ORM\\Persisters\\Entity\\CachedPersisterContext',
  91 => 'Doctrine\\ORM\\Persisters\\Entity\\EntityPersister',
  92 => 'Doctrine\\ORM\\Persisters\\Entity\\JoinedSubclassPersister',
  93 => 'Doctrine\\ORM\\Persisters\\Entity\\SingleTablePersister',
  94 => 'FOS\\JsRoutingBundle\\Controller\\Controller',
  96 => 'Symfony\\Bundle\\FrameworkBundle\\Controller\\ControllerResolver',
  97 => 'Symfony\\Bundle\\FrameworkBundle\\Controller\\RedirectController',
  98 => 'Symfony\\Bundle\\FrameworkBundle\\Controller\\TemplateController',
  99 => 'Symfony\\Bundle\\WebProfilerBundle\\Controller\\ExceptionPanelController',
  100 => 'Symfony\\Bundle\\WebProfilerBundle\\Controller\\ProfilerController',
  101 => 'Symfony\\Bundle\\WebProfilerBundle\\Controller\\RouterController',
  102 => 'Symfony\\Component\\HttpKernel\\Controller\\ArgumentResolver',
  103 => 'Symfony\\Component\\HttpKernel\\Controller\\ArgumentResolverInterface',
  104 => 'Symfony\\Component\\HttpKernel\\Controller\\ArgumentResolver\\DefaultValueResolver',
  105 => 'Symfony\\Component\\HttpKernel\\Controller\\ArgumentResolver\\NotTaggedControllerValueResolver',
  106 => 'Symfony\\Component\\HttpKernel\\Controller\\ArgumentResolver\\RequestAttributeValueResolver',
  107 => 'Symfony\\Component\\HttpKernel\\Controller\\ArgumentResolver\\RequestValueResolver',
  108 => 'Symfony\\Component\\HttpKernel\\Controller\\ArgumentResolver\\ServiceValueResolver',
  109 => 'Symfony\\Component\\HttpKernel\\Controller\\ArgumentResolver\\SessionValueResolver',
  110 => 'Symfony\\Component\\HttpKernel\\Controller\\ArgumentResolver\\TraceableValueResolver',
  111 => 'Symfony\\Component\\HttpKernel\\Controller\\ArgumentResolver\\VariadicValueResolver',
  112 => 'Symfony\\Component\\HttpKernel\\Controller\\ArgumentValueResolverInterface',
  113 => 'Symfony\\Component\\HttpKernel\\Controller\\ContainerControllerResolver',
  114 => 'Symfony\\Component\\HttpKernel\\Controller\\ControllerReference',
  115 => 'Symfony\\Component\\HttpKernel\\Controller\\ControllerResolver',
  116 => 'Symfony\\Component\\HttpKernel\\Controller\\ControllerResolverInterface',
  117 => 'Symfony\\Component\\HttpKernel\\Controller\\ErrorController',
  118 => 'Symfony\\Component\\HttpKernel\\Controller\\TraceableArgumentResolver',
  119 => 'Symfony\\Component\\HttpKernel\\Controller\\TraceableControllerResolver',
  120 => 'Symfony\\Component\\Security\\Http\\Controller\\UserValueResolver',
);